
== gpt2+bias-s1: model.preset="gpt2" model.bias=true train.seed=1
[gpt2+bias-s1] 5.85M params | backend cupy | data data/bpe4096 (vocab 4096, 1,578,753 train tokens, 0.27 tokens/param)
model: GPTConfig(vocab_size=4096, block_size=256, n_layer=6, n_head=8, n_embd=256, dropout=0.2, bias=True, pos='learned', norm='layernorm', mlp='gelu', rope_base=10000.0, attn='naive')
  eval step     0 | train 8.3576 | val 8.3560 | val bpb 3.9847
step     0 | loss 8.3571 | lr 5.00e-06 | gnorm 4.66 | 778 tok/s
step   100 | loss 5.7167 | lr 5.05e-04 | gnorm 0.69 | 30,839 tok/s
  eval step   200 | train 4.9615 | val 5.0752 | val bpb 2.4201
step   200 | loss 4.9084 | lr 1.00e-03 | gnorm 0.50 | 23,661 tok/s
step   300 | loss 4.7651 | lr 9.98e-04 | gnorm 0.44 | 29,154 tok/s
  eval step   400 | train 4.5200 | val 4.6478 | val bpb 2.2163
step   400 | loss 4.5517 | lr 9.94e-04 | gnorm 0.53 | 22,982 tok/s
step   500 | loss 4.5202 | lr 9.86e-04 | gnorm 0.57 | 29,382 tok/s
  eval step   600 | train 4.1919 | val 4.3333 | val bpb 2.0664
step   600 | loss 4.2541 | lr 9.76e-04 | gnorm 0.55 | 23,000 tok/s
step   700 | loss 4.2662 | lr 9.62e-04 | gnorm 0.49 | 29,279 tok/s
  eval step   800 | train 4.0116 | val 4.1814 | val bpb 1.9939
step   800 | loss 4.2940 | lr 9.46e-04 | gnorm 0.60 | 23,061 tok/s
step   900 | loss 4.1103 | lr 9.27e-04 | gnorm 0.64 | 29,288 tok/s
  eval step  1000 | train 3.8712 | val 4.0589 | val bpb 1.9356
step  1000 | loss 3.9456 | lr 9.05e-04 | gnorm 0.66 | 23,013 tok/s
step  1100 | loss 4.0215 | lr 8.81e-04 | gnorm 0.59 | 29,265 tok/s
  eval step  1200 | train 3.7636 | val 3.9820 | val bpb 1.8989
step  1200 | loss 3.7854 | lr 8.55e-04 | gnorm 0.62 | 23,033 tok/s
step  1300 | loss 3.7844 | lr 8.26e-04 | gnorm 0.54 | 29,363 tok/s
  eval step  1400 | train 3.6627 | val 3.9023 | val bpb 1.8608
step  1400 | loss 3.7873 | lr 7.96e-04 | gnorm 0.61 | 23,029 tok/s
step  1500 | loss 3.8073 | lr 7.64e-04 | gnorm 0.62 | 29,283 tok/s
  eval step  1600 | train 3.5957 | val 3.8546 | val bpb 1.8381
step  1600 | loss 3.7119 | lr 7.31e-04 | gnorm 0.75 | 23,015 tok/s
step  1700 | loss 3.7345 | lr 6.96e-04 | gnorm 0.60 | 29,261 tok/s
  eval step  1800 | train 3.5312 | val 3.8049 | val bpb 1.8144
step  1800 | loss 3.6253 | lr 6.60e-04 | gnorm 0.67 | 22,984 tok/s
step  1900 | loss 3.7419 | lr 6.24e-04 | gnorm 0.60 | 29,235 tok/s
  eval step  2000 | train 3.4623 | val 3.7647 | val bpb 1.7953
step  2000 | loss 3.5904 | lr 5.87e-04 | gnorm 0.62 | 23,011 tok/s
step  2100 | loss 3.6335 | lr 5.50e-04 | gnorm 0.62 | 29,260 tok/s
  eval step  2200 | train 3.4062 | val 3.7226 | val bpb 1.7752
step  2200 | loss 3.5995 | lr 5.13e-04 | gnorm 0.62 | 23,015 tok/s
step  2300 | loss 3.5411 | lr 4.76e-04 | gnorm 0.63 | 29,241 tok/s
  eval step  2400 | train 3.3595 | val 3.6974 | val bpb 1.7632
step  2400 | loss 3.6179 | lr 4.40e-04 | gnorm 0.66 | 23,010 tok/s
step  2500 | loss 3.5036 | lr 4.04e-04 | gnorm 0.64 | 29,255 tok/s
  eval step  2600 | train 3.3187 | val 3.6713 | val bpb 1.7507
step  2600 | loss 3.4833 | lr 3.69e-04 | gnorm 0.64 | 22,991 tok/s
step  2700 | loss 3.4369 | lr 3.36e-04 | gnorm 0.65 | 29,208 tok/s
  eval step  2800 | train 3.2797 | val 3.6435 | val bpb 1.7374
step  2800 | loss 3.5456 | lr 3.04e-04 | gnorm 0.63 | 23,040 tok/s
step  2900 | loss 3.5220 | lr 2.74e-04 | gnorm 0.64 | 29,273 tok/s
  eval step  3000 | train 3.2462 | val 3.6283 | val bpb 1.7302
step  3000 | loss 3.4955 | lr 2.45e-04 | gnorm 0.70 | 23,026 tok/s
step  3100 | loss 3.4426 | lr 2.19e-04 | gnorm 0.65 | 29,219 tok/s
  eval step  3200 | train 3.2144 | val 3.6096 | val bpb 1.7213
step  3200 | loss 3.3811 | lr 1.95e-04 | gnorm 0.63 | 22,990 tok/s
step  3300 | loss 3.3246 | lr 1.73e-04 | gnorm 0.65 | 29,205 tok/s
  eval step  3400 | train 3.1944 | val 3.5966 | val bpb 1.7151
step  3400 | loss 3.4094 | lr 1.54e-04 | gnorm 0.67 | 22,966 tok/s
step  3500 | loss 3.3921 | lr 1.38e-04 | gnorm 0.66 | 29,245 tok/s
  eval step  3600 | train 3.1759 | val 3.5859 | val bpb 1.7100
step  3600 | loss 3.3053 | lr 1.24e-04 | gnorm 0.65 | 23,065 tok/s
step  3700 | loss 3.2964 | lr 1.14e-04 | gnorm 0.65 | 29,186 tok/s
  eval step  3800 | train 3.1622 | val 3.5788 | val bpb 1.7066
step  3800 | loss 3.3566 | lr 1.06e-04 | gnorm 0.66 | 23,028 tok/s
step  3900 | loss 3.4158 | lr 1.02e-04 | gnorm 0.70 | 29,307 tok/s
  eval step  4000 | train 3.1494 | val 3.5737 | val bpb 1.7041

best val loss 3.5737 (bpb 1.7041). sample:

WIDEN.
Here is my name and lady
By the best and comfort of my life
I will not take my greetings; but my part
Is this the preparation of my friend,
The Queen’s for ’tis to come, and I do supple
To be a woman.

PROSPERO.
You were invention,
Being much more perpetual. I am sorry
My business being, sir; yet the issue
Will not be revenged.

PROSPERO.
You’ll be sworn.

 [_Exit._]

PROSPERO.
I cannot be.

PROSPERO.
I am sorry for ’t.
I have been sick, but I would
If you were so long too well as you have.
There is my father’s eyes, though I have found it,
Not such as I have heard of you. If I come
To see the issue of a lady and my honour
Is in my best opinion, my life, I
Have my friend with that most worthy thanks
I’ th’ world, with my wife.

MIRANDA.
I wish it.

PROSPERO.
How do you knew it?

MIRANDA.
I am not an experbition of the gods.

PROSPERO.
But do not know him not.

MIRANDA.
For’t is madness.

PROSPERO.
So fare you well.

PROSPERO.
I have spoken and honest, for I have heard
A deed of man, and had been by’t
To make him speak.

PROSPERO.
I am sorry
To speak at it, or no more.

PROSPERO.
I am very noble:
My lord, I am a father of a queen:
To whom to think on him all his distress,
The
== gpt2+bias-s1: done in 21.4 min

== kavi-momentum-lr0.03-s1: model.preset="kavi" train.optimizer="momentum" train.momentum=0.9 train.lr=0.03 train.min_lr=0.003 train.seed=1
[kavi-momentum-lr0.03-s1] 5.76M params | backend cupy | data data/bpe4096 (vocab 4096, 1,578,753 train tokens, 0.27 tokens/param)
model: GPTConfig(vocab_size=4096, block_size=256, n_layer=6, n_head=8, n_embd=256, dropout=0.2, bias=False, pos='rope', norm='rmsnorm', mlp='swiglu', rope_base=10000.0, attn='naive')
  eval step     0 | train 8.3778 | val 8.3762 | val bpb 3.9943
step     0 | loss 8.3700 | lr 1.50e-04 | gnorm 5.00 | 1,078 tok/s
step   100 | loss 6.3497 | lr 1.51e-02 | gnorm 0.48 | 33,825 tok/s
  eval step   200 | train 5.8193 | val 5.9399 | val bpb 2.8325
step   200 | loss 5.7525 | lr 3.00e-02 | gnorm 0.63 | 26,592 tok/s
step   300 | loss 5.4482 | lr 3.00e-02 | gnorm 0.68 | 34,071 tok/s
  eval step   400 | train 5.1807 | val 5.3031 | val bpb 2.5288
step   400 | loss 5.2133 | lr 2.98e-02 | gnorm 0.85 | 26,587 tok/s
step   500 | loss 5.2258 | lr 2.96e-02 | gnorm 0.90 | 33,825 tok/s
  eval step   600 | train 4.9216 | val 5.0358 | val bpb 2.4014
step   600 | loss 4.9180 | lr 2.93e-02 | gnorm 0.72 | 26,563 tok/s
step   700 | loss 4.9377 | lr 2.89e-02 | gnorm 0.87 | 34,006 tok/s
  eval step   800 | train 4.7298 | val 4.8530 | val bpb 2.3142
step   800 | loss 4.9468 | lr 2.84e-02 | gnorm 1.04 | 26,618 tok/s
step   900 | loss 4.7479 | lr 2.78e-02 | gnorm 0.95 | 34,014 tok/s
  eval step  1000 | train 4.5427 | val 4.6742 | val bpb 2.2289
step  1000 | loss 4.6078 | lr 2.72e-02 | gnorm 1.32 | 26,662 tok/s
step  1100 | loss 4.6052 | lr 2.64e-02 | gnorm 0.98 | 33,925 tok/s
  eval step  1200 | train 4.4078 | val 4.5471 | val bpb 2.1683
step  1200 | loss 4.4041 | lr 2.56e-02 | gnorm 0.98 | 26,574 tok/s
step  1300 | loss 4.3879 | lr 2.48e-02 | gnorm 0.93 | 33,888 tok/s
  eval step  1400 | train 4.2934 | val 4.4359 | val bpb 2.1153
step  1400 | loss 4.4109 | lr 2.39e-02 | gnorm 0.94 | 26,554 tok/s
step  1500 | loss 4.3637 | lr 2.29e-02 | gnorm 1.19 | 33,825 tok/s
  eval step  1600 | train 4.2009 | val 4.3469 | val bpb 2.0729
step  1600 | loss 4.2771 | lr 2.19e-02 | gnorm 0.99 | 26,494 tok/s
step  1700 | loss 4.3169 | lr 2.09e-02 | gnorm 1.11 | 33,801 tok/s
  eval step  1800 | train 4.1318 | val 4.2754 | val bpb 2.0388
step  1800 | loss 4.2062 | lr 1.98e-02 | gnorm 1.01 | 26,505 tok/s
step  1900 | loss 4.3133 | lr 1.87e-02 | gnorm 0.99 | 33,818 tok/s
  eval step  2000 | train 4.0725 | val 4.2209 | val bpb 2.0128
step  2000 | loss 4.1626 | lr 1.76e-02 | gnorm 1.05 | 26,478 tok/s
step  2100 | loss 4.2229 | lr 1.65e-02 | gnorm 1.60 | 33,767 tok/s
  eval step  2200 | train 4.0220 | val 4.1745 | val bpb 1.9907
step  2200 | loss 4.1463 | lr 1.54e-02 | gnorm 1.17 | 26,495 tok/s
step  2300 | loss 4.1367 | lr 1.43e-02 | gnorm 1.02 | 33,750 tok/s
  eval step  2400 | train 3.9836 | val 4.1372 | val bpb 1.9729
step  2400 | loss 4.2037 | lr 1.32e-02 | gnorm 1.13 | 26,459 tok/s
step  2500 | loss 4.1036 | lr 1.21e-02 | gnorm 1.02 | 33,770 tok/s
  eval step  2600 | train 3.9538 | val 4.1121 | val bpb 1.9609
step  2600 | loss 4.0591 | lr 1.11e-02 | gnorm 1.11 | 26,524 tok/s
step  2700 | loss 4.0380 | lr 1.01e-02 | gnorm 1.14 | 33,881 tok/s
  eval step  2800 | train 3.9271 | val 4.0835 | val bpb 1.9473
step  2800 | loss 4.1457 | lr 9.12e-03 | gnorm 1.09 | 26,554 tok/s
step  2900 | loss 4.1252 | lr 8.21e-03 | gnorm 1.05 | 33,919 tok/s
  eval step  3000 | train 3.9046 | val 4.0651 | val bpb 1.9385
step  3000 | loss 4.0944 | lr 7.36e-03 | gnorm 1.09 | 26,568 tok/s
step  3100 | loss 4.0798 | lr 6.57e-03 | gnorm 1.11 | 33,886 tok/s
  eval step  3200 | train 3.8879 | val 4.0529 | val bpb 1.9327
step  3200 | loss 3.9919 | lr 5.85e-03 | gnorm 1.06 | 26,574 tok/s
step  3300 | loss 3.9488 | lr 5.20e-03 | gnorm 1.06 | 33,838 tok/s
  eval step  3400 | train 3.8768 | val 4.0420 | val bpb 1.9275
step  3400 | loss 4.0524 | lr 4.63e-03 | gnorm 1.08 | 26,573 tok/s
step  3500 | loss 4.0003 | lr 4.14e-03 | gnorm 1.06 | 33,858 tok/s
  eval step  3600 | train 3.8651 | val 4.0319 | val bpb 1.9226
step  3600 | loss 3.9497 | lr 3.73e-03 | gnorm 1.09 | 26,548 tok/s
step  3700 | loss 3.9019 | lr 3.41e-03 | gnorm 1.06 | 33,765 tok/s
  eval step  3800 | train 3.8557 | val 4.0239 | val bpb 1.9189
step  3800 | loss 4.0305 | lr 3.18e-03 | gnorm 1.12 | 26,527 tok/s
step  3900 | loss 4.0571 | lr 3.05e-03 | gnorm 1.11 | 33,787 tok/s
  eval step  4000 | train 3.8484 | val 4.0183 | val bpb 1.9162

best val loss 4.0183 (bpb 1.9162). sample:

That I’ll leave thee to do my mistress’
Which, as I did do I have,
But that I will believe ’tis so much.

RICHARD.
Come to you, and my lord, good Moth, I know.

KING.
Who’s to th’ world.

SUFFOLK.
My lords, then, and my liege.

QUEEN MARGARET.
Why, when’s all these, what news would you stay?

KING RICHARD.
What, how?

SPEIAM.
I pray you, my lords, I’ll have a good man.

KING HENRY.
Not to my life?

CASSIUS.
The gods!

RICHARD.
Here, sir, he is not done; you will love thee.
Where is the news?

LUCIUS.
I’ll tell you, if you love you in your love?

YORK.
O, with you.

[_Exeunt._]

SCENE III. A street. Before Save.

SCENE III. A Room in the Duke’s house.

Enter Hastings, Servant.

Enter Lord Timon, York, Heaven and Would we, Richmond, Duke and Milius,
Amen.

ANTONY.
[_Reads_.] O, sweet Nature, and Launcelet,
And in the King Henry’s palace.

Enter Warwick and others with the Gastian.

QUEEN MARGARET.
He that which’s the King my lord, and the night
And give our friends.

BRUTUS.
My lord, my lord of Cymbelia,
But here’s officer.

CATEST.
The King hath been much.

KING.
Well, if your daughter be dead.

RICHARD.
I should in that I
== kavi-momentum-lr0.03-s1: done in 18.6 min

== gpt2+relu-s2: model.preset="gpt2" model.mlp="relu" train.seed=2
[gpt2+relu-s2] 5.84M params | backend cupy | data data/bpe4096 (vocab 4096, 1,578,753 train tokens, 0.27 tokens/param)
model: GPTConfig(vocab_size=4096, block_size=256, n_layer=6, n_head=8, n_embd=256, dropout=0.2, bias=False, pos='learned', norm='layernorm', mlp='relu', rope_base=10000.0, attn='naive')
  eval step     0 | train 8.3833 | val 8.3831 | val bpb 3.9976
step     0 | loss 8.3813 | lr 5.00e-06 | gnorm 6.58 | 1,255 tok/s
step   100 | loss 5.7301 | lr 5.05e-04 | gnorm 0.41 | 36,309 tok/s
  eval step   200 | train 4.9667 | val 5.0875 | val bpb 2.4260
step   200 | loss 4.9422 | lr 1.00e-03 | gnorm 0.39 | 28,720 tok/s
step   300 | loss 4.7271 | lr 9.98e-04 | gnorm 0.45 | 36,758 tok/s
  eval step   400 | train 4.4568 | val 4.5796 | val bpb 2.1839
step   400 | loss 4.5491 | lr 9.94e-04 | gnorm 0.55 | 28,880 tok/s
step   500 | loss 4.3413 | lr 9.86e-04 | gnorm 0.64 | 36,589 tok/s
  eval step   600 | train 4.1373 | val 4.2786 | val bpb 2.0403
step   600 | loss 4.3158 | lr 9.76e-04 | gnorm 0.56 | 28,805 tok/s
step   700 | loss 4.0917 | lr 9.62e-04 | gnorm 0.68 | 36,688 tok/s
  eval step   800 | train 3.9429 | val 4.1109 | val bpb 1.9603
step   800 | loss 4.1070 | lr 9.46e-04 | gnorm 0.59 | 28,898 tok/s
step   900 | loss 3.9333 | lr 9.27e-04 | gnorm 0.76 | 36,747 tok/s
  eval step  1000 | train 3.8202 | val 4.0116 | val bpb 1.9130
step  1000 | loss 3.9537 | lr 9.05e-04 | gnorm 0.64 | 28,980 tok/s
step  1100 | loss 3.9362 | lr 8.81e-04 | gnorm 0.60 | 36,821 tok/s
  eval step  1200 | train 3.7103 | val 3.9363 | val bpb 1.8771
step  1200 | loss 3.9196 | lr 8.55e-04 | gnorm 0.60 | 29,004 tok/s
step  1300 | loss 3.6995 | lr 8.26e-04 | gnorm 0.62 | 36,807 tok/s
  eval step  1400 | train 3.6363 | val 3.8779 | val bpb 1.8492
step  1400 | loss 3.9006 | lr 7.96e-04 | gnorm 0.61 | 28,953 tok/s
step  1500 | loss 3.7418 | lr 7.64e-04 | gnorm 0.64 | 36,739 tok/s
  eval step  1600 | train 3.5563 | val 3.8125 | val bpb 1.8180
step  1600 | loss 3.5762 | lr 7.31e-04 | gnorm 0.64 | 28,916 tok/s
step  1700 | loss 3.7446 | lr 6.96e-04 | gnorm 0.61 | 36,711 tok/s
  eval step  1800 | train 3.5027 | val 3.7763 | val bpb 1.8008
step  1800 | loss 3.6796 | lr 6.60e-04 | gnorm 0.66 | 28,849 tok/s
step  1900 | loss 3.5473 | lr 6.24e-04 | gnorm 0.63 | 36,602 tok/s
  eval step  2000 | train 3.4454 | val 3.7396 | val bpb 1.7833
step  2000 | loss 3.5755 | lr 5.87e-04 | gnorm 0.62 | 28,841 tok/s
step  2100 | loss 3.5598 | lr 5.50e-04 | gnorm 0.71 | 36,770 tok/s
  eval step  2200 | train 3.3984 | val 3.7096 | val bpb 1.7689
step  2200 | loss 3.5092 | lr 5.13e-04 | gnorm 0.73 | 28,929 tok/s
step  2300 | loss 3.5489 | lr 4.76e-04 | gnorm 0.68 | 36,767 tok/s
  eval step  2400 | train 3.3529 | val 3.6824 | val bpb 1.7560
step  2400 | loss 3.5712 | lr 4.40e-04 | gnorm 0.66 | 28,911 tok/s
step  2500 | loss 3.4972 | lr 4.04e-04 | gnorm 0.66 | 36,661 tok/s
  eval step  2600 | train 3.3075 | val 3.6601 | val bpb 1.7453
step  2600 | loss 3.6539 | lr 3.69e-04 | gnorm 0.69 | 28,850 tok/s
step  2700 | loss 3.4776 | lr 3.36e-04 | gnorm 0.67 | 36,670 tok/s
  eval step  2800 | train 3.2770 | val 3.6284 | val bpb 1.7302
step  2800 | loss 3.4074 | lr 3.04e-04 | gnorm 0.72 | 28,852 tok/s
step  2900 | loss 3.3532 | lr 2.74e-04 | gnorm 0.67 | 36,623 tok/s
  eval step  3000 | train 3.2423 | val 3.6115 | val bpb 1.7222
step  3000 | loss 3.3927 | lr 2.45e-04 | gnorm 0.70 | 28,906 tok/s
step  3100 | loss 3.3744 | lr 2.19e-04 | gnorm 0.75 | 36,615 tok/s
  eval step  3200 | train 3.2166 | val 3.5983 | val bpb 1.7159
step  3200 | loss 3.3113 | lr 1.95e-04 | gnorm 0.67 | 28,840 tok/s
step  3300 | loss 3.4362 | lr 1.73e-04 | gnorm 0.68 | 36,638 tok/s
  eval step  3400 | train 3.1943 | val 3.5842 | val bpb 1.7092
step  3400 | loss 3.4085 | lr 1.54e-04 | gnorm 0.73 | 28,853 tok/s
step  3500 | loss 3.4179 | lr 1.38e-04 | gnorm 0.71 | 36,703 tok/s
  eval step  3600 | train 3.1728 | val 3.5726 | val bpb 1.7037
step  3600 | loss 3.4294 | lr 1.24e-04 | gnorm 0.68 | 28,932 tok/s
step  3700 | loss 3.1586 | lr 1.14e-04 | gnorm 0.70 | 36,803 tok/s
  eval step  3800 | train 3.1609 | val 3.5677 | val bpb 1.7013
step  3800 | loss 3.3009 | lr 1.06e-04 | gnorm 0.73 | 28,938 tok/s
step  3900 | loss 3.3561 | lr 1.02e-04 | gnorm 0.70 | 36,758 tok/s
  eval step  4000 | train 3.1498 | val 3.5615 | val bpb 1.6984

best val loss 3.5615 (bpb 1.6984). sample:

And to the sceptre of all my forehead
Upon a little messenger.

CERIMON.
O blessed heavens,
If I have power to do it so much!

PERICLES.
Where’s the matter?

CERIMON.
I’ll do’t, sir, let’s see ’t not.

MARINA.
We’ll bear it as your highness.

IMONIDES.
I thank your lordship.

PERICLES.
[_Aside._] Let me be sure, sir, if you please
To see one or any of them,
And she will never come to me.

PERICLES.
It is the next, sir, with a most good grace
That ever I give the king’s gift to me
Than she shall have spoke.

PERICLES.
Well, well,
You see the world or man of my life.
The lady, as well as you have said!

PERICLES.
This is the more my lord.

PERICLES.
I have, sir.

PERICLES.
The reason is, so: you are bound.

 Enter Dolabella, attended.

PERICLES.
I know it more. I have done in this,
A woman that I may give us thanks.

 Enter Gratiano and Marina.

PERICLES.
What’s the matter?

PERICLES.
That thou hast lost thyself, a son of father,
Of thy great self-serving?

PERICLES.
Here, sir,
Who hast thou but been, that thou dost make
A daughter to thyself and I will make a daughter.

PERICLES.
Too that, thou art believ’d; and have a soul
To be a Roman, who may be so long,
If thou wouldst hear the deed.


== gpt2+relu-s2: done in 17.1 min
