
== scale-L-29M: model.n_embd=512 model.n_layer=8 model.n_head=8 train.lr=6e-4 train.min_lr=6e-5
[scale-L-29M] 29.40M params | backend cupy | data data/bpe8192x (vocab 8192, 18,687,383 train tokens, 0.64 tokens/param)
model: GPTConfig(vocab_size=8192, block_size=256, n_layer=8, n_head=8, n_embd=512, dropout=0.1, bias=False, pos='rope', norm='rmsnorm', mlp='swiglu', rope_base=10000.0, attn='naive')
  eval step     0 | train 9.1266 | val 9.1225 | val bpb 4.1634 | induction 0.015 L4H5 copy gain 0.03
step     0 | loss 9.1228 | lr 1.20e-06 | gnorm 5.72 | 381 tok/s
step   100 | loss 6.6956 | lr 1.21e-04 | gnorm 0.93 | 12,626 tok/s
step   200 | loss 5.5962 | lr 2.41e-04 | gnorm 1.25 | 11,673 tok/s
step   300 | loss 5.3437 | lr 3.61e-04 | gnorm 0.95 | 11,744 tok/s
step   400 | loss 4.9738 | lr 4.81e-04 | gnorm 0.89 | 11,719 tok/s
  eval step   500 | train 4.8503 | val 4.6314 | val bpb 2.1137 | induction 0.030 L6H0 copy gain 0.01
step   500 | loss 5.0343 | lr 6.00e-04 | gnorm 0.80 | 9,008 tok/s
step   600 | loss 4.6274 | lr 6.00e-04 | gnorm 0.70 | 11,684 tok/s
step   700 | loss 4.4494 | lr 6.00e-04 | gnorm 0.76 | 11,642 tok/s
step   800 | loss 4.5260 | lr 6.00e-04 | gnorm 0.64 | 11,653 tok/s
step   900 | loss 4.4878 | lr 5.99e-04 | gnorm 0.65 | 11,618 tok/s
  eval step  1000 | train 4.2742 | val 4.1509 | val bpb 1.8944 | induction 0.047 L6H0 copy gain 0.09
step  1000 | loss 4.1774 | lr 5.99e-04 | gnorm 0.68 | 8,994 tok/s
step  1100 | loss 4.1026 | lr 5.99e-04 | gnorm 0.65 | 11,671 tok/s
step  1200 | loss 4.1973 | lr 5.98e-04 | gnorm 0.67 | 11,655 tok/s
step  1300 | loss 4.2896 | lr 5.98e-04 | gnorm 0.64 | 11,648 tok/s
step  1400 | loss 4.0553 | lr 5.97e-04 | gnorm 0.62 | 11,595 tok/s
  eval step  1500 | train 4.0208 | val 3.9174 | val bpb 1.7879 | induction 0.048 L6H0 copy gain 0.07
step  1500 | loss 4.2139 | lr 5.97e-04 | gnorm 0.61 | 8,974 tok/s
step  1600 | loss 4.1176 | lr 5.96e-04 | gnorm 0.60 | 11,657 tok/s
step  1700 | loss 3.9211 | lr 5.95e-04 | gnorm 0.63 | 11,663 tok/s
step  1800 | loss 4.0461 | lr 5.94e-04 | gnorm 0.64 | 11,642 tok/s
step  1900 | loss 4.0518 | lr 5.93e-04 | gnorm 0.62 | 11,583 tok/s
  eval step  2000 | train 3.8820 | val 3.8077 | val bpb 1.7378 | induction 0.071 L6H0 copy gain 0.21
step  2000 | loss 3.9903 | lr 5.92e-04 | gnorm 0.60 | 8,961 tok/s
step  2100 | loss 3.9429 | lr 5.91e-04 | gnorm 0.63 | 11,651 tok/s
step  2200 | loss 3.7808 | lr 5.90e-04 | gnorm 0.61 | 11,622 tok/s
step  2300 | loss 3.8674 | lr 5.89e-04 | gnorm 0.63 | 11,642 tok/s
step  2400 | loss 3.7580 | lr 5.87e-04 | gnorm 0.60 | 11,648 tok/s
  eval step  2500 | train 3.7743 | val 3.7047 | val bpb 1.6908 | induction 0.085 L6H0 copy gain 0.18
step  2500 | loss 3.9286 | lr 5.86e-04 | gnorm 0.61 | 8,991 tok/s
step  2600 | loss 3.8912 | lr 5.85e-04 | gnorm 0.61 | 11,655 tok/s
step  2700 | loss 3.7529 | lr 5.83e-04 | gnorm 0.62 | 11,652 tok/s
step  2800 | loss 3.6858 | lr 5.82e-04 | gnorm 0.62 | 11,660 tok/s
step  2900 | loss 3.8949 | lr 5.80e-04 | gnorm 0.61 | 11,640 tok/s
  eval step  3000 | train 3.6856 | val 3.6268 | val bpb 1.6552 | induction 0.093 L6H0 copy gain 0.27
step  3000 | loss 3.7845 | lr 5.78e-04 | gnorm 0.61 | 9,001 tok/s
step  3100 | loss 3.7215 | lr 5.77e-04 | gnorm 0.61 | 11,633 tok/s
step  3200 | loss 3.6379 | lr 5.75e-04 | gnorm 0.64 | 11,663 tok/s
step  3300 | loss 3.4785 | lr 5.73e-04 | gnorm 0.62 | 11,599 tok/s
step  3400 | loss 3.6280 | lr 5.71e-04 | gnorm 0.61 | 11,620 tok/s
  eval step  3500 | train 3.6201 | val 3.5810 | val bpb 1.6344 | induction 0.117 L6H0 copy gain 0.27
step  3500 | loss 3.7375 | lr 5.69e-04 | gnorm 0.61 | 9,006 tok/s
step  3600 | loss 3.6183 | lr 5.67e-04 | gnorm 0.61 | 11,659 tok/s
step  3700 | loss 3.5854 | lr 5.65e-04 | gnorm 0.63 | 11,597 tok/s
step  3800 | loss 3.6123 | lr 5.63e-04 | gnorm 0.63 | 11,637 tok/s
step  3900 | loss 3.5455 | lr 5.60e-04 | gnorm 0.60 | 11,644 tok/s
  eval step  4000 | train 3.5626 | val 3.5413 | val bpb 1.6162 | induction 0.145 L6H0 copy gain 0.33
step  4000 | loss 3.5791 | lr 5.58e-04 | gnorm 0.61 | 9,000 tok/s
step  4100 | loss 3.3970 | lr 5.56e-04 | gnorm 0.59 | 11,675 tok/s
step  4200 | loss 3.5119 | lr 5.53e-04 | gnorm 0.62 | 11,624 tok/s
step  4300 | loss 3.5805 | lr 5.51e-04 | gnorm 0.64 | 11,627 tok/s
step  4400 | loss 3.6413 | lr 5.48e-04 | gnorm 0.62 | 11,623 tok/s
  eval step  4500 | train 3.5159 | val 3.5070 | val bpb 1.6006 | induction 0.156 L6H0 copy gain 0.38
step  4500 | loss 3.5527 | lr 5.46e-04 | gnorm 0.63 | 8,987 tok/s
step  4600 | loss 3.5306 | lr 5.43e-04 | gnorm 0.63 | 11,648 tok/s
step  4700 | loss 3.6946 | lr 5.41e-04 | gnorm 0.63 | 11,638 tok/s
step  4800 | loss 3.5240 | lr 5.38e-04 | gnorm 0.63 | 11,626 tok/s
step  4900 | loss 3.6376 | lr 5.35e-04 | gnorm 0.61 | 11,634 tok/s
  eval step  5000 | train 3.4679 | val 3.4794 | val bpb 1.5880 | induction 0.188 L6H0 copy gain 0.36
step  5000 | loss 3.5066 | lr 5.32e-04 | gnorm 0.62 | 8,994 tok/s
step  5100 | loss 3.6945 | lr 5.29e-04 | gnorm 0.65 | 11,658 tok/s
step  5200 | loss 3.4909 | lr 5.26e-04 | gnorm 0.62 | 11,649 tok/s
step  5300 | loss 3.2520 | lr 5.23e-04 | gnorm 0.63 | 11,657 tok/s
step  5400 | loss 3.5282 | lr 5.20e-04 | gnorm 0.63 | 11,659 tok/s
  eval step  5500 | train 3.4328 | val 3.4612 | val bpb 1.5797 | induction 0.215 L6H0 copy gain 0.53
step  5500 | loss 3.5685 | lr 5.17e-04 | gnorm 0.62 | 8,986 tok/s
step  5600 | loss 3.5875 | lr 5.14e-04 | gnorm 0.63 | 11,650 tok/s
step  5700 | loss 3.5805 | lr 5.11e-04 | gnorm 0.62 | 11,635 tok/s
step  5800 | loss 3.4229 | lr 5.07e-04 | gnorm 0.68 | 11,633 tok/s
step  5900 | loss 3.4830 | lr 5.04e-04 | gnorm 0.65 | 11,633 tok/s
  eval step  6000 | train 3.4000 | val 3.4293 | val bpb 1.5651 | induction 0.216 L6H0 copy gain 0.60
step  6000 | loss 3.4743 | lr 5.01e-04 | gnorm 0.65 | 9,011 tok/s
step  6100 | loss 3.4435 | lr 4.97e-04 | gnorm 0.64 | 11,637 tok/s
step  6200 | loss 3.5230 | lr 4.94e-04 | gnorm 0.66 | 11,606 tok/s
step  6300 | loss 3.4789 | lr 4.90e-04 | gnorm 0.66 | 11,666 tok/s
step  6400 | loss 3.4154 | lr 4.87e-04 | gnorm 0.65 | 11,659 tok/s
  eval step  6500 | train 3.3573 | val 3.4100 | val bpb 1.5563 | induction 0.225 L6H0 copy gain 0.59
step  6500 | loss 3.4119 | lr 4.83e-04 | gnorm 0.63 | 8,968 tok/s
step  6600 | loss 3.4346 | lr 4.80e-04 | gnorm 0.66 | 11,642 tok/s
step  6700 | loss 3.4357 | lr 4.76e-04 | gnorm 0.65 | 11,647 tok/s
step  6800 | loss 3.1924 | lr 4.72e-04 | gnorm 0.65 | 11,640 tok/s
step  6900 | loss 3.3607 | lr 4.69e-04 | gnorm 0.64 | 11,655 tok/s
  eval step  7000 | train 3.3290 | val 3.3961 | val bpb 1.5499 | induction 0.237 L6H0 copy gain 0.68
step  7000 | loss 3.3822 | lr 4.65e-04 | gnorm 0.68 | 8,988 tok/s
step  7100 | loss 3.3006 | lr 4.61e-04 | gnorm 0.63 | 11,655 tok/s
step  7200 | loss 3.2680 | lr 4.57e-04 | gnorm 0.66 | 11,658 tok/s
step  7300 | loss 3.3138 | lr 4.54e-04 | gnorm 0.70 | 11,637 tok/s
step  7400 | loss 3.2347 | lr 4.50e-04 | gnorm 0.66 | 11,643 tok/s
  eval step  7500 | train 3.2942 | val 3.3796 | val bpb 1.5424 | induction 0.232 L6H0 copy gain 0.58
step  7500 | loss 3.3402 | lr 4.46e-04 | gnorm 0.68 | 8,993 tok/s
step  7600 | loss 3.4130 | lr 4.42e-04 | gnorm 0.67 | 11,661 tok/s
step  7700 | loss 3.2326 | lr 4.38e-04 | gnorm 0.67 | 11,657 tok/s
step  7800 | loss 3.4556 | lr 4.34e-04 | gnorm 0.69 | 11,632 tok/s
step  7900 | loss 3.2633 | lr 4.30e-04 | gnorm 0.68 | 11,638 tok/s
  eval step  8000 | train 3.2677 | val 3.3613 | val bpb 1.5340 | induction 0.248 L6H0 copy gain 0.62
step  8000 | loss 3.3015 | lr 4.26e-04 | gnorm 0.69 | 8,992 tok/s
step  8100 | loss 3.4827 | lr 4.22e-04 | gnorm 0.71 | 11,649 tok/s
step  8200 | loss 3.3687 | lr 4.18e-04 | gnorm 0.69 | 11,651 tok/s
step  8300 | loss 3.4974 | lr 4.13e-04 | gnorm 0.71 | 11,608 tok/s
step  8400 | loss 3.1859 | lr 4.09e-04 | gnorm 0.70 | 11,625 tok/s
  eval step  8500 | train 3.2405 | val 3.3461 | val bpb 1.5271 | induction 0.246 L6H0 copy gain 0.71
step  8500 | loss 3.3501 | lr 4.05e-04 | gnorm 0.68 | 9,000 tok/s
step  8600 | loss 3.2219 | lr 4.01e-04 | gnorm 0.69 | 11,684 tok/s
step  8700 | loss 3.2335 | lr 3.97e-04 | gnorm 0.68 | 11,628 tok/s
step  8800 | loss 3.1651 | lr 3.93e-04 | gnorm 0.69 | 11,565 tok/s
step  8900 | loss 3.2040 | lr 3.88e-04 | gnorm 0.68 | 11,587 tok/s
  eval step  9000 | train 3.2158 | val 3.3356 | val bpb 1.5223 | induction 0.250 L6H0 copy gain 0.75
step  9000 | loss 3.2645 | lr 3.84e-04 | gnorm 0.70 | 8,977 tok/s
step  9100 | loss 3.4937 | lr 3.80e-04 | gnorm 0.74 | 11,690 tok/s
step  9200 | loss 3.3511 | lr 3.75e-04 | gnorm 0.71 | 11,651 tok/s
step  9300 | loss 3.3062 | lr 3.71e-04 | gnorm 0.70 | 11,753 tok/s
step  9400 | loss 3.2450 | lr 3.67e-04 | gnorm 0.67 | 11,768 tok/s
  eval step  9500 | train 3.1840 | val 3.3123 | val bpb 1.5117 | induction 0.267 L6H0 copy gain 0.85
step  9500 | loss 3.2539 | lr 3.63e-04 | gnorm 0.70 | 9,048 tok/s
step  9600 | loss 3.3439 | lr 3.58e-04 | gnorm 0.73 | 11,701 tok/s
step  9700 | loss 3.1917 | lr 3.54e-04 | gnorm 0.69 | 11,692 tok/s
step  9800 | loss 3.3251 | lr 3.50e-04 | gnorm 0.73 | 11,632 tok/s
step  9900 | loss 3.3134 | lr 3.45e-04 | gnorm 0.73 | 11,691 tok/s
  eval step 10000 | train 3.1587 | val 3.3133 | val bpb 1.5121 | induction 0.259 L6H0 copy gain 0.85
step 10000 | loss 3.3203 | lr 3.41e-04 | gnorm 0.73 | 9,087 tok/s
step 10100 | loss 3.2923 | lr 3.37e-04 | gnorm 0.72 | 11,673 tok/s
step 10200 | loss 3.2849 | lr 3.32e-04 | gnorm 0.71 | 11,632 tok/s
step 10300 | loss 3.2167 | lr 3.28e-04 | gnorm 0.73 | 11,653 tok/s
step 10400 | loss 3.2124 | lr 3.23e-04 | gnorm 0.74 | 11,660 tok/s
  eval step 10500 | train 3.1250 | val 3.2990 | val bpb 1.5056 | induction 0.269 L6H0 copy gain 0.86
step 10500 | loss 3.1637 | lr 3.19e-04 | gnorm 0.72 | 9,022 tok/s
step 10600 | loss 3.1919 | lr 3.15e-04 | gnorm 0.76 | 11,692 tok/s
step 10700 | loss 3.2276 | lr 3.10e-04 | gnorm 0.75 | 11,662 tok/s
step 10800 | loss 3.2778 | lr 3.06e-04 | gnorm 0.74 | 11,672 tok/s
step 10900 | loss 3.1592 | lr 3.02e-04 | gnorm 0.73 | 11,660 tok/s
  eval step 11000 | train 3.0997 | val 3.2852 | val bpb 1.4993 | induction 0.270 L6H0 copy gain 0.91
step 11000 | loss 3.0477 | lr 2.97e-04 | gnorm 0.72 | 9,005 tok/s
step 11100 | loss 3.3049 | lr 2.93e-04 | gnorm 0.76 | 11,699 tok/s
step 11200 | loss 3.2688 | lr 2.89e-04 | gnorm 0.74 | 11,675 tok/s
step 11300 | loss 3.2614 | lr 2.85e-04 | gnorm 0.76 | 11,671 tok/s
step 11400 | loss 3.0688 | lr 2.80e-04 | gnorm 0.73 | 11,651 tok/s
  eval step 11500 | train 3.0835 | val 3.2751 | val bpb 1.4947 | induction 0.281 L6H0 copy gain 0.96
step 11500 | loss 3.2431 | lr 2.76e-04 | gnorm 0.76 | 9,012 tok/s
step 11600 | loss 3.2270 | lr 2.72e-04 | gnorm 0.76 | 11,696 tok/s
step 11700 | loss 3.0332 | lr 2.67e-04 | gnorm 0.75 | 11,670 tok/s
step 11800 | loss 3.2420 | lr 2.63e-04 | gnorm 0.77 | 11,650 tok/s
step 11900 | loss 3.2240 | lr 2.59e-04 | gnorm 0.75 | 11,694 tok/s
  eval step 12000 | train 3.0599 | val 3.2720 | val bpb 1.4933 | induction 0.275 L6H0 copy gain 0.99
step 12000 | loss 3.2070 | lr 2.55e-04 | gnorm 0.76 | 9,049 tok/s
step 12100 | loss 3.1977 | lr 2.51e-04 | gnorm 0.75 | 11,673 tok/s
step 12200 | loss 3.1950 | lr 2.47e-04 | gnorm 0.79 | 11,641 tok/s
step 12300 | loss 3.3364 | lr 2.42e-04 | gnorm 0.77 | 11,643 tok/s
step 12400 | loss 3.1142 | lr 2.38e-04 | gnorm 0.76 | 11,696 tok/s
  eval step 12500 | train 3.0420 | val 3.2598 | val bpb 1.4877 | induction 0.265 L6H0 copy gain 0.98
step 12500 | loss 2.9855 | lr 2.34e-04 | gnorm 0.74 | 9,007 tok/s
step 12600 | loss 3.2199 | lr 2.30e-04 | gnorm 0.78 | 11,715 tok/s
step 12700 | loss 3.1138 | lr 2.26e-04 | gnorm 0.76 | 11,653 tok/s
step 12800 | loss 3.0041 | lr 2.22e-04 | gnorm 0.79 | 11,633 tok/s
step 12900 | loss 3.1184 | lr 2.18e-04 | gnorm 0.79 | 11,640 tok/s
  eval step 13000 | train 3.0212 | val 3.2533 | val bpb 1.4848 | induction 0.272 L6H0 copy gain 0.99
step 13000 | loss 3.0123 | lr 2.14e-04 | gnorm 0.79 | 9,009 tok/s
step 13100 | loss 3.2583 | lr 2.10e-04 | gnorm 0.78 | 11,704 tok/s
step 13200 | loss 3.0371 | lr 2.06e-04 | gnorm 0.78 | 11,661 tok/s
step 13300 | loss 3.0528 | lr 2.03e-04 | gnorm 0.77 | 11,639 tok/s
step 13400 | loss 3.1181 | lr 1.99e-04 | gnorm 0.79 | 11,655 tok/s
  eval step 13500 | train 3.0045 | val 3.2440 | val bpb 1.4805 | induction 0.266 L6H0 copy gain 1.01
step 13500 | loss 3.2104 | lr 1.95e-04 | gnorm 0.80 | 9,026 tok/s
step 13600 | loss 3.1134 | lr 1.91e-04 | gnorm 0.78 | 11,651 tok/s
step 13700 | loss 3.1585 | lr 1.88e-04 | gnorm 0.80 | 11,642 tok/s
step 13800 | loss 3.2646 | lr 1.84e-04 | gnorm 0.80 | 11,670 tok/s
step 13900 | loss 3.3584 | lr 1.80e-04 | gnorm 0.79 | 11,659 tok/s
  eval step 14000 | train 2.9844 | val 3.2363 | val bpb 1.4770 | induction 0.268 L6H0 copy gain 0.97
step 14000 | loss 3.0822 | lr 1.77e-04 | gnorm 0.79 | 8,998 tok/s
step 14100 | loss 3.0117 | lr 1.73e-04 | gnorm 0.81 | 11,683 tok/s
step 14200 | loss 3.1642 | lr 1.70e-04 | gnorm 0.81 | 11,698 tok/s
step 14300 | loss 3.1600 | lr 1.66e-04 | gnorm 0.82 | 11,665 tok/s
step 14400 | loss 3.1483 | lr 1.63e-04 | gnorm 0.79 | 11,642 tok/s
  eval step 14500 | train 2.9651 | val 3.2317 | val bpb 1.4749 | induction 0.273 L6H0 copy gain 0.98
step 14500 | loss 3.1495 | lr 1.59e-04 | gnorm 0.84 | 9,006 tok/s
step 14600 | loss 3.0427 | lr 1.56e-04 | gnorm 0.81 | 11,683 tok/s
step 14700 | loss 3.1660 | lr 1.53e-04 | gnorm 0.82 | 11,696 tok/s
step 14800 | loss 2.7923 | lr 1.49e-04 | gnorm 0.76 | 11,680 tok/s
step 14900 | loss 2.9944 | lr 1.46e-04 | gnorm 0.80 | 11,655 tok/s
  eval step 15000 | train 2.9474 | val 3.2272 | val bpb 1.4729 | induction 0.265 L6H0 copy gain 0.97
step 15000 | loss 3.0805 | lr 1.43e-04 | gnorm 0.82 | 9,001 tok/s
step 15100 | loss 3.0950 | lr 1.40e-04 | gnorm 0.84 | 11,658 tok/s
step 15200 | loss 3.1795 | lr 1.37e-04 | gnorm 0.82 | 11,665 tok/s
step 15300 | loss 3.1595 | lr 1.34e-04 | gnorm 0.83 | 11,681 tok/s
step 15400 | loss 3.0758 | lr 1.31e-04 | gnorm 0.83 | 11,666 tok/s
  eval step 15500 | train 2.9314 | val 3.2175 | val bpb 1.4685 | induction 0.272 L6H0 copy gain 0.96
step 15500 | loss 3.0743 | lr 1.28e-04 | gnorm 0.84 | 9,021 tok/s
step 15600 | loss 3.1555 | lr 1.25e-04 | gnorm 0.83 | 11,687 tok/s
step 15700 | loss 3.0051 | lr 1.22e-04 | gnorm 0.85 | 11,664 tok/s
step 15800 | loss 3.1811 | lr 1.19e-04 | gnorm 0.82 | 11,636 tok/s
step 15900 | loss 3.1558 | lr 1.17e-04 | gnorm 0.84 | 11,643 tok/s
  eval step 16000 | train 2.9194 | val 3.2112 | val bpb 1.4656 | induction 0.268 L6H0 copy gain 0.98
step 16000 | loss 3.0606 | lr 1.14e-04 | gnorm 0.83 | 9,101 tok/s
step 16100 | loss 3.1082 | lr 1.12e-04 | gnorm 0.85 | 11,735 tok/s
step 16200 | loss 3.1010 | lr 1.09e-04 | gnorm 0.84 | 11,674 tok/s
step 16300 | loss 3.0227 | lr 1.07e-04 | gnorm 0.82 | 11,687 tok/s
step 16400 | loss 2.9461 | lr 1.04e-04 | gnorm 0.83 | 11,652 tok/s
  eval step 16500 | train 2.9016 | val 3.2078 | val bpb 1.4640 | induction 0.265 L6H0 copy gain 1.01
step 16500 | loss 3.1308 | lr 1.02e-04 | gnorm 0.84 | 9,044 tok/s
step 16600 | loss 3.0523 | lr 9.95e-05 | gnorm 0.86 | 11,689 tok/s
step 16700 | loss 3.0233 | lr 9.73e-05 | gnorm 0.83 | 11,659 tok/s
step 16800 | loss 3.3195 | lr 9.51e-05 | gnorm 0.87 | 11,705 tok/s
step 16900 | loss 3.0343 | lr 9.30e-05 | gnorm 0.87 | 11,616 tok/s
  eval step 17000 | train 2.8952 | val 3.2039 | val bpb 1.4622 | induction 0.267 L6H0 copy gain 0.96
step 17000 | loss 3.1575 | lr 9.09e-05 | gnorm 0.85 | 8,990 tok/s
step 17100 | loss 2.9927 | lr 8.89e-05 | gnorm 0.87 | 11,685 tok/s
step 17200 | loss 3.0371 | lr 8.70e-05 | gnorm 0.85 | 11,701 tok/s
step 17300 | loss 3.0281 | lr 8.51e-05 | gnorm 0.85 | 11,649 tok/s
step 17400 | loss 2.9948 | lr 8.33e-05 | gnorm 0.87 | 11,702 tok/s
  eval step 17500 | train 2.8830 | val 3.2010 | val bpb 1.4609 | induction 0.265 L6H0 copy gain 0.97
step 17500 | loss 3.0995 | lr 8.16e-05 | gnorm 0.88 | 9,009 tok/s
step 17600 | loss 3.1145 | lr 7.99e-05 | gnorm 0.86 | 11,662 tok/s
step 17700 | loss 3.1424 | lr 7.83e-05 | gnorm 0.90 | 11,639 tok/s
step 17800 | loss 2.9020 | lr 7.68e-05 | gnorm 0.86 | 11,693 tok/s
step 17900 | loss 2.9321 | lr 7.53e-05 | gnorm 0.84 | 11,677 tok/s
  eval step 18000 | train 2.8714 | val 3.1992 | val bpb 1.4601 | induction 0.263 L6H0 copy gain 0.99
step 18000 | loss 3.0637 | lr 7.39e-05 | gnorm 0.85 | 9,021 tok/s
step 18100 | loss 3.0658 | lr 7.26e-05 | gnorm 0.87 | 11,682 tok/s
step 18200 | loss 3.0089 | lr 7.13e-05 | gnorm 0.86 | 11,656 tok/s
step 18300 | loss 3.0163 | lr 7.01e-05 | gnorm 0.87 | 11,669 tok/s
step 18400 | loss 2.8645 | lr 6.89e-05 | gnorm 0.84 | 11,682 tok/s
  eval step 18500 | train 2.8616 | val 3.1930 | val bpb 1.4573 | induction 0.260 L6H0 copy gain 0.99
step 18500 | loss 3.1376 | lr 6.78e-05 | gnorm 0.87 | 9,005 tok/s
step 18600 | loss 3.0577 | lr 6.68e-05 | gnorm 0.88 | 11,671 tok/s
step 18700 | loss 3.1612 | lr 6.59e-05 | gnorm 0.88 | 11,686 tok/s
step 18800 | loss 3.0478 | lr 6.50e-05 | gnorm 0.85 | 11,649 tok/s
step 18900 | loss 2.9880 | lr 6.42e-05 | gnorm 0.89 | 11,629 tok/s
  eval step 19000 | train 2.8559 | val 3.1892 | val bpb 1.4555 | induction 0.258 L6H0 copy gain 1.00
step 19000 | loss 3.0598 | lr 6.35e-05 | gnorm 0.86 | 9,008 tok/s
step 19100 | loss 3.0058 | lr 6.28e-05 | gnorm 0.86 | 11,684 tok/s
step 19200 | loss 2.9975 | lr 6.22e-05 | gnorm 0.89 | 11,678 tok/s
step 19300 | loss 2.9567 | lr 6.17e-05 | gnorm 0.87 | 11,656 tok/s
step 19400 | loss 2.8542 | lr 6.13e-05 | gnorm 0.87 | 11,650 tok/s
  eval step 19500 | train 2.8491 | val 3.1886 | val bpb 1.4552 | induction 0.265 L6H0 copy gain 1.03
step 19500 | loss 2.9364 | lr 6.09e-05 | gnorm 0.88 | 8,989 tok/s
step 19600 | loss 3.0141 | lr 6.06e-05 | gnorm 0.87 | 11,682 tok/s
step 19700 | loss 2.8866 | lr 6.03e-05 | gnorm 0.87 | 11,671 tok/s
step 19800 | loss 3.1029 | lr 6.01e-05 | gnorm 0.87 | 11,664 tok/s
step 19900 | loss 2.9875 | lr 6.00e-05 | gnorm 0.87 | 11,731 tok/s
  eval step 20000 | train 2.8402 | val 3.1876 | val bpb 1.4548 | induction 0.264 L6H0 copy gain 1.00

best val loss 3.1876 (bpb 1.4548). sample:

Oh!

ALL.
The Prince’s dead!

FIRST GENTLEMAN.
What’s he alive?

FIRST GENTLEMAN.
That’s he.

FIRST GENTLEMAN.
His soul is heavy, and he’s still.

THIRD GENTLEMAN.
I know’t must be.
You look like an old man.

FIRST GENTLEMAN.
A hundred pound more, sir.

THIRD GENTLEMAN.
A hundred pound!

FIRST GENTLEMAN.
’Tis ten to one.

THIRD GENTLEMAN.
The Prince’s in hand.

FIRST GENTLEMAN.
A thousand of them.

THIRD GENTLEMAN.
How?

FIRST GENTLEMAN.
Why, these four gentlemen are none.

FIRST GENTLEMAN.
’Tis one, sir.

SECOND GENTLEMAN.
What’s the matter?

THIRD GENTLEMAN.
My name is Wingfield.

FIRST GENTLEMAN.
I can tell you, sir, how many knaves are here?

FIRST GENTLEMAN.
Ay, sir.

FIRST GENTLEMAN.
That, sir.

FIRST GENTLEMAN.
He was never so far gone.

THIRD GENTLEMAN.
’Twas well done.

FIRST GENTLEMAN.
And that’s now come.

THIRD GENTLEMAN.
’Tis very well.

FIRST GENTLEMAN.
I would a thousand times had never yet a look. But here he comes.

Enter Servant.

SERVANT.
Captain Macbeth, to whom is that?

FIRST GENTLEMAN.
Sir, that’s all one.

SERVANT.
I
== scale-L-29M: done in 248.4 min

== scale-S-7M-shakes-only: data="data/bpe8192" model.n_embd=256 model.n_layer=6 model.n_head=8 train.lr=1e-3 train.min_lr=1e-4
[scale-S-7M-shakes-only] 6.81M params | backend cupy | data data/bpe8192 (vocab 8192, 1,436,032 train tokens, 0.21 tokens/param)
model: GPTConfig(vocab_size=8192, block_size=256, n_layer=6, n_head=8, n_embd=256, dropout=0.1, bias=False, pos='rope', norm='rmsnorm', mlp='swiglu', rope_base=10000.0, attn='naive')
  eval step     0 | train 8.9920 | val 8.9994 | val bpb 3.9059 | induction 0.014 L4H2 copy gain 0.03
step     0 | loss 8.9849 | lr 2.00e-06 | gnorm 7.52 | 995 tok/s
step   100 | loss 6.2355 | lr 2.02e-04 | gnorm 1.40 | 30,013 tok/s
step   200 | loss 5.1827 | lr 4.02e-04 | gnorm 0.75 | 30,026 tok/s
step   300 | loss 4.7590 | lr 6.02e-04 | gnorm 0.73 | 29,992 tok/s
step   400 | loss 4.5728 | lr 8.02e-04 | gnorm 0.86 | 29,994 tok/s
  eval step   500 | train 4.2487 | val 4.4491 | val bpb 1.9310 | induction 0.015 L0H4 copy gain -0.12
step   500 | loss 4.2898 | lr 1.00e-03 | gnorm 0.76 | 23,384 tok/s
step   600 | loss 4.2162 | lr 1.00e-03 | gnorm 0.65 | 29,874 tok/s
step   700 | loss 4.0272 | lr 1.00e-03 | gnorm 0.63 | 29,769 tok/s
step   800 | loss 3.9933 | lr 9.99e-04 | gnorm 0.66 | 29,792 tok/s
step   900 | loss 3.8218 | lr 9.99e-04 | gnorm 0.60 | 29,860 tok/s
  eval step  1000 | train 3.6266 | val 4.0038 | val bpb 1.7377 | induction 0.016 L0H2 copy gain -0.07
step  1000 | loss 3.7300 | lr 9.99e-04 | gnorm 0.62 | 23,158 tok/s
step  1100 | loss 3.6699 | lr 9.98e-04 | gnorm 0.60 | 29,810 tok/s
step  1200 | loss 3.6063 | lr 9.97e-04 | gnorm 0.60 | 29,868 tok/s
step  1300 | loss 3.4495 | lr 9.96e-04 | gnorm 0.61 | 29,918 tok/s
step  1400 | loss 3.4870 | lr 9.95e-04 | gnorm 0.64 | 29,966 tok/s
  eval step  1500 | train 3.3124 | val 3.8793 | val bpb 1.6837 | induction 0.017 L0H4 copy gain -0.09
step  1500 | loss 3.5362 | lr 9.94e-04 | gnorm 0.63 | 23,278 tok/s
step  1600 | loss 3.2872 | lr 9.93e-04 | gnorm 0.66 | 29,785 tok/s
step  1700 | loss 3.2116 | lr 9.92e-04 | gnorm 0.67 | 29,835 tok/s
step  1800 | loss 3.4273 | lr 9.90e-04 | gnorm 0.69 | 29,792 tok/s
step  1900 | loss 3.1851 | lr 9.89e-04 | gnorm 0.66 | 29,731 tok/s
  eval step  2000 | train 3.0934 | val 3.8682 | val bpb 1.6789 | induction 0.018 L0H4 copy gain -0.06
step  2000 | loss 3.3240 | lr 9.87e-04 | gnorm 0.66 | 23,130 tok/s
step  2100 | loss 3.1372 | lr 9.85e-04 | gnorm 0.66 | 29,646 tok/s
step  2200 | loss 3.1470 | lr 9.83e-04 | gnorm 0.67 | 29,712 tok/s
step  2300 | loss 3.1810 | lr 9.81e-04 | gnorm 0.66 | 29,751 tok/s
step  2400 | loss 3.1294 | lr 9.79e-04 | gnorm 0.66 | 29,754 tok/s
  eval step  2500 | train 2.9026 | val 3.8901 | val bpb 1.6883 | induction 0.018 L0H4 copy gain -0.06
step  2500 | loss 3.0182 | lr 9.77e-04 | gnorm 0.69 | 23,241 tok/s
step  2600 | loss 3.1278 | lr 9.74e-04 | gnorm 0.69 | 29,701 tok/s
step  2700 | loss 3.0290 | lr 9.72e-04 | gnorm 0.71 | 29,634 tok/s
step  2800 | loss 3.0522 | lr 9.69e-04 | gnorm 0.72 | 29,645 tok/s
step  2900 | loss 2.8780 | lr 9.67e-04 | gnorm 0.71 | 29,630 tok/s
  eval step  3000 | train 2.7536 | val 3.9304 | val bpb 1.7058 | induction 0.018 L0H4 copy gain -0.06
step  3000 | loss 2.9624 | lr 9.64e-04 | gnorm 0.73 | 23,173 tok/s
step  3100 | loss 2.8204 | lr 9.61e-04 | gnorm 0.72 | 29,645 tok/s
step  3200 | loss 2.9968 | lr 9.58e-04 | gnorm 0.74 | 29,723 tok/s
step  3300 | loss 2.7831 | lr 9.55e-04 | gnorm 0.74 | 29,757 tok/s
step  3400 | loss 2.8336 | lr 9.52e-04 | gnorm 0.74 | 29,747 tok/s
  eval step  3500 | train 2.6293 | val 3.9772 | val bpb 1.7261 | induction 0.017 L0H4 copy gain 0.05
step  3500 | loss 2.8164 | lr 9.48e-04 | gnorm 0.78 | 23,159 tok/s
step  3600 | loss 2.7527 | lr 9.45e-04 | gnorm 0.77 | 29,618 tok/s
step  3700 | loss 2.7717 | lr 9.42e-04 | gnorm 0.75 | 29,632 tok/s
step  3800 | loss 2.8843 | lr 9.38e-04 | gnorm 0.77 | 29,668 tok/s
step  3900 | loss 2.8020 | lr 9.34e-04 | gnorm 0.80 | 29,730 tok/s
  eval step  4000 | train 2.5161 | val 4.0325 | val bpb 1.7502 | induction 0.018 L0H4 copy gain -0.06
step  4000 | loss 2.6573 | lr 9.30e-04 | gnorm 0.78 | 23,241 tok/s
step  4100 | loss 2.7917 | lr 9.26e-04 | gnorm 0.79 | 29,645 tok/s
step  4200 | loss 2.7044 | lr 9.22e-04 | gnorm 0.79 | 29,646 tok/s
step  4300 | loss 2.6557 | lr 9.18e-04 | gnorm 0.79 | 29,635 tok/s
step  4400 | loss 2.6780 | lr 9.14e-04 | gnorm 0.80 | 29,652 tok/s
  eval step  4500 | train 2.4129 | val 4.0691 | val bpb 1.7660 | induction 0.016 L0H4 copy gain -0.01
step  4500 | loss 2.7589 | lr 9.10e-04 | gnorm 0.84 | 23,165 tok/s
step  4600 | loss 2.6534 | lr 9.05e-04 | gnorm 0.84 | 29,655 tok/s
step  4700 | loss 2.6779 | lr 9.01e-04 | gnorm 0.82 | 29,623 tok/s
step  4800 | loss 2.6597 | lr 8.96e-04 | gnorm 0.82 | 29,696 tok/s
step  4900 | loss 2.5961 | lr 8.92e-04 | gnorm 0.86 | 29,731 tok/s
  eval step  5000 | train 2.3241 | val 4.1133 | val bpb 1.7852 | induction 0.017 L0H4 copy gain 0.06
step  5000 | loss 2.5671 | lr 8.87e-04 | gnorm 0.82 | 23,240 tok/s
step  5100 | loss 2.6987 | lr 8.82e-04 | gnorm 0.84 | 29,673 tok/s
step  5200 | loss 2.4911 | lr 8.77e-04 | gnorm 0.85 | 29,624 tok/s
step  5300 | loss 2.6486 | lr 8.72e-04 | gnorm 0.85 | 29,666 tok/s
step  5400 | loss 2.5253 | lr 8.67e-04 | gnorm 0.85 | 29,636 tok/s
  eval step  5500 | train 2.2402 | val 4.1693 | val bpb 1.8095 | induction 0.018 L0H4 copy gain 0.02
step  5500 | loss 2.7531 | lr 8.62e-04 | gnorm 0.91 | 23,190 tok/s
step  5600 | loss 2.4612 | lr 8.56e-04 | gnorm 0.85 | 29,624 tok/s
step  5700 | loss 2.4599 | lr 8.51e-04 | gnorm 0.85 | 29,637 tok/s
step  5800 | loss 2.5097 | lr 8.46e-04 | gnorm 0.86 | 29,729 tok/s
step  5900 | loss 2.4132 | lr 8.40e-04 | gnorm 0.88 | 29,697 tok/s
  eval step  6000 | train 2.1498 | val 4.1876 | val bpb 1.8175 | induction 0.018 L0H4 copy gain 0.01
step  6000 | loss 2.6111 | lr 8.35e-04 | gnorm 0.91 | 23,199 tok/s
step  6100 | loss 2.5784 | lr 8.29e-04 | gnorm 0.92 | 29,630 tok/s
step  6200 | loss 2.4915 | lr 8.23e-04 | gnorm 0.90 | 29,622 tok/s
step  6300 | loss 2.4819 | lr 8.17e-04 | gnorm 0.88 | 29,658 tok/s
step  6400 | loss 2.5118 | lr 8.12e-04 | gnorm 0.90 | 29,654 tok/s
  eval step  6500 | train 2.0774 | val 4.2350 | val bpb 1.8381 | induction 0.018 L0H4 copy gain 0.01
step  6500 | loss 2.4303 | lr 8.06e-04 | gnorm 0.91 | 23,161 tok/s
step  6600 | loss 2.3397 | lr 8.00e-04 | gnorm 0.89 | 29,625 tok/s
step  6700 | loss 2.4859 | lr 7.94e-04 | gnorm 0.92 | 29,611 tok/s
step  6800 | loss 2.3993 | lr 7.87e-04 | gnorm 0.94 | 29,643 tok/s
step  6900 | loss 2.3907 | lr 7.81e-04 | gnorm 0.92 | 29,654 tok/s
  eval step  7000 | train 2.0182 | val 4.2693 | val bpb 1.8530 | induction 0.017 L0H4 copy gain 0.04
step  7000 | loss 2.4293 | lr 7.75e-04 | gnorm 0.95 | 23,164 tok/s
step  7100 | loss 2.4394 | lr 7.69e-04 | gnorm 0.94 | 29,658 tok/s
step  7200 | loss 2.4578 | lr 7.62e-04 | gnorm 0.94 | 29,716 tok/s
step  7300 | loss 2.3157 | lr 7.56e-04 | gnorm 0.96 | 29,650 tok/s
step  7400 | loss 2.3196 | lr 7.49e-04 | gnorm 0.93 | 29,628 tok/s
  eval step  7500 | train 1.9751 | val 4.3021 | val bpb 1.8672 | induction 0.016 L0H4 copy gain 0.07
step  7500 | loss 2.3698 | lr 7.43e-04 | gnorm 0.93 | 23,226 tok/s
step  7600 | loss 2.3388 | lr 7.36e-04 | gnorm 0.96 | 29,676 tok/s
step  7700 | loss 2.3021 | lr 7.30e-04 | gnorm 0.92 | 29,668 tok/s
step  7800 | loss 2.2649 | lr 7.23e-04 | gnorm 0.95 | 29,689 tok/s
step  7900 | loss 2.1893 | lr 7.16e-04 | gnorm 0.97 | 29,629 tok/s
  eval step  8000 | train 1.9094 | val 4.3342 | val bpb 1.8811 | induction 0.017 L0H4 copy gain -0.00
step  8000 | loss 2.4815 | lr 7.10e-04 | gnorm 1.00 | 23,209 tok/s
step  8100 | loss 2.1384 | lr 7.03e-04 | gnorm 0.94 | 29,655 tok/s
step  8200 | loss 2.2830 | lr 6.96e-04 | gnorm 0.97 | 29,613 tok/s
step  8300 | loss 2.3683 | lr 6.89e-04 | gnorm 1.00 | 29,619 tok/s
step  8400 | loss 2.1941 | lr 6.82e-04 | gnorm 0.97 | 29,606 tok/s
  eval step  8500 | train 1.8393 | val 4.3601 | val bpb 1.8924 | induction 0.017 L0H4 copy gain -0.01
step  8500 | loss 2.2916 | lr 6.75e-04 | gnorm 1.02 | 23,142 tok/s
step  8600 | loss 2.1502 | lr 6.68e-04 | gnorm 0.98 | 29,613 tok/s
step  8700 | loss 2.2571 | lr 6.61e-04 | gnorm 1.01 | 29,590 tok/s
step  8800 | loss 2.2209 | lr 6.54e-04 | gnorm 1.01 | 29,593 tok/s
step  8900 | loss 2.3299 | lr 6.47e-04 | gnorm 1.03 | 29,649 tok/s
  eval step  9000 | train 1.7775 | val 4.3794 | val bpb 1.9007 | induction 0.017 L0H4 copy gain -0.09
step  9000 | loss 2.2547 | lr 6.40e-04 | gnorm 1.02 | 23,223 tok/s
step  9100 | loss 2.2275 | lr 6.33e-04 | gnorm 1.02 | 29,654 tok/s
step  9200 | loss 2.2025 | lr 6.26e-04 | gnorm 1.02 | 29,620 tok/s
step  9300 | loss 2.1416 | lr 6.19e-04 | gnorm 1.01 | 29,428 tok/s
step  9400 | loss 2.0861 | lr 6.11e-04 | gnorm 1.02 | 29,323 tok/s
  eval step  9500 | train 1.7395 | val 4.4136 | val bpb 1.9156 | induction 0.018 L0H4 copy gain -0.01
step  9500 | loss 2.1163 | lr 6.04e-04 | gnorm 1.03 | 23,035 tok/s
step  9600 | loss 2.2577 | lr 5.97e-04 | gnorm 1.08 | 29,536 tok/s
step  9700 | loss 2.2928 | lr 5.90e-04 | gnorm 1.07 | 29,444 tok/s
step  9800 | loss 2.1889 | lr 5.83e-04 | gnorm 1.05 | 29,353 tok/s
step  9900 | loss 2.0735 | lr 5.75e-04 | gnorm 1.02 | 29,358 tok/s
  eval step 10000 | train 1.6940 | val 4.4391 | val bpb 1.9266 | induction 0.018 L0H4 copy gain -0.09
step 10000 | loss 2.1951 | lr 5.68e-04 | gnorm 1.07 | 22,972 tok/s
step 10100 | loss 2.3043 | lr 5.61e-04 | gnorm 1.11 | 29,423 tok/s
step 10200 | loss 2.2136 | lr 5.54e-04 | gnorm 1.08 | 29,372 tok/s
step 10300 | loss 2.1014 | lr 5.46e-04 | gnorm 1.06 | 29,420 tok/s
step 10400 | loss 2.1219 | lr 5.39e-04 | gnorm 1.10 | 29,400 tok/s
  eval step 10500 | train 1.6431 | val 4.4503 | val bpb 1.9315 | induction 0.017 L0H4 copy gain -0.06
step 10500 | loss 2.1863 | lr 5.32e-04 | gnorm 1.08 | 22,973 tok/s
step 10600 | loss 2.1408 | lr 5.25e-04 | gnorm 1.10 | 29,463 tok/s
step 10700 | loss 2.1024 | lr 5.17e-04 | gnorm 1.10 | 29,490 tok/s
step 10800 | loss 2.2071 | lr 5.10e-04 | gnorm 1.13 | 29,485 tok/s
step 10900 | loss 2.0988 | lr 5.03e-04 | gnorm 1.10 | 29,455 tok/s
  eval step 11000 | train 1.5915 | val 4.4824 | val bpb 1.9454 | induction 0.017 L0H4 copy gain -0.09
step 11000 | loss 1.9545 | lr 4.96e-04 | gnorm 1.06 | 22,997 tok/s
step 11100 | loss 2.1173 | lr 4.89e-04 | gnorm 1.11 | 29,399 tok/s
step 11200 | loss 2.0423 | lr 4.81e-04 | gnorm 1.11 | 29,405 tok/s
step 11300 | loss 2.1375 | lr 4.74e-04 | gnorm 1.14 | 29,418 tok/s
step 11400 | loss 2.0052 | lr 4.67e-04 | gnorm 1.11 | 29,408 tok/s
  eval step 11500 | train 1.5516 | val 4.5141 | val bpb 1.9592 | induction 0.017 L0H4 copy gain -0.10
step 11500 | loss 2.0544 | lr 4.60e-04 | gnorm 1.12 | 22,994 tok/s
step 11600 | loss 2.0777 | lr 4.53e-04 | gnorm 1.15 | 29,421 tok/s
step 11700 | loss 2.0280 | lr 4.46e-04 | gnorm 1.11 | 29,420 tok/s
step 11800 | loss 2.0754 | lr 4.39e-04 | gnorm 1.13 | 29,411 tok/s
step 11900 | loss 2.0075 | lr 4.32e-04 | gnorm 1.13 | 29,440 tok/s
  eval step 12000 | train 1.5057 | val 4.5144 | val bpb 1.9593 | induction 0.017 L0H4 copy gain -0.10
step 12000 | loss 1.9388 | lr 4.25e-04 | gnorm 1.14 | 23,022 tok/s
step 12100 | loss 1.9418 | lr 4.18e-04 | gnorm 1.15 | 29,439 tok/s
step 12200 | loss 1.9451 | lr 4.11e-04 | gnorm 1.15 | 29,443 tok/s
step 12300 | loss 1.9972 | lr 4.04e-04 | gnorm 1.13 | 29,395 tok/s
step 12400 | loss 1.8603 | lr 3.97e-04 | gnorm 1.14 | 29,374 tok/s
  eval step 12500 | train 1.4572 | val 4.5385 | val bpb 1.9698 | induction 0.018 L0H4 copy gain -0.09
step 12500 | loss 2.0081 | lr 3.90e-04 | gnorm 1.18 | 22,992 tok/s
step 12600 | loss 1.9800 | lr 3.84e-04 | gnorm 1.19 | 29,427 tok/s
step 12700 | loss 1.9846 | lr 3.77e-04 | gnorm 1.16 | 29,412 tok/s
step 12800 | loss 1.9146 | lr 3.70e-04 | gnorm 1.15 | 29,415 tok/s
step 12900 | loss 1.9830 | lr 3.64e-04 | gnorm 1.17 | 29,408 tok/s
  eval step 13000 | train 1.4160 | val 4.5666 | val bpb 1.9820 | induction 0.017 L0H4 copy gain -0.18
step 13000 | loss 1.9873 | lr 3.57e-04 | gnorm 1.19 | 22,984 tok/s
step 13100 | loss 2.0000 | lr 3.51e-04 | gnorm 1.19 | 29,363 tok/s
step 13200 | loss 1.9998 | lr 3.44e-04 | gnorm 1.22 | 29,373 tok/s
step 13300 | loss 1.9082 | lr 3.38e-04 | gnorm 1.20 | 29,373 tok/s
step 13400 | loss 1.8883 | lr 3.31e-04 | gnorm 1.22 | 29,438 tok/s
  eval step 13500 | train 1.3919 | val 4.5770 | val bpb 1.9865 | induction 0.017 L0H4 copy gain -0.11
step 13500 | loss 1.9836 | lr 3.25e-04 | gnorm 1.23 | 22,996 tok/s
step 13600 | loss 2.0306 | lr 3.19e-04 | gnorm 1.23 | 29,435 tok/s
step 13700 | loss 1.9556 | lr 3.13e-04 | gnorm 1.24 | 29,454 tok/s
step 13800 | loss 1.9530 | lr 3.06e-04 | gnorm 1.23 | 29,424 tok/s
step 13900 | loss 1.9093 | lr 3.00e-04 | gnorm 1.21 | 29,469 tok/s
  eval step 14000 | train 1.3416 | val 4.5926 | val bpb 1.9933 | induction 0.017 L0H4 copy gain -0.17
step 14000 | loss 1.9706 | lr 2.94e-04 | gnorm 1.23 | 23,022 tok/s
step 14100 | loss 1.9150 | lr 2.88e-04 | gnorm 1.20 | 29,428 tok/s
step 14200 | loss 1.9544 | lr 2.83e-04 | gnorm 1.24 | 29,399 tok/s
step 14300 | loss 1.8750 | lr 2.77e-04 | gnorm 1.23 | 29,402 tok/s
step 14400 | loss 1.9717 | lr 2.71e-04 | gnorm 1.25 | 29,411 tok/s
  eval step 14500 | train 1.3126 | val 4.6100 | val bpb 2.0008 | induction 0.018 L0H4 copy gain -0.18
step 14500 | loss 1.8202 | lr 2.65e-04 | gnorm 1.21 | 22,973 tok/s
step 14600 | loss 1.9746 | lr 2.60e-04 | gnorm 1.28 | 29,452 tok/s
step 14700 | loss 1.9136 | lr 2.54e-04 | gnorm 1.24 | 29,486 tok/s
step 14800 | loss 1.8577 | lr 2.49e-04 | gnorm 1.25 | 29,485 tok/s
step 14900 | loss 1.8097 | lr 2.44e-04 | gnorm 1.25 | 29,518 tok/s
  eval step 15000 | train 1.2866 | val 4.6262 | val bpb 2.0079 | induction 0.018 L0H4 copy gain -0.17
step 15000 | loss 1.8569 | lr 2.38e-04 | gnorm 1.23 | 23,064 tok/s
step 15100 | loss 1.9006 | lr 2.33e-04 | gnorm 1.28 | 29,384 tok/s
step 15200 | loss 1.8445 | lr 2.28e-04 | gnorm 1.26 | 29,397 tok/s
step 15300 | loss 1.8782 | lr 2.23e-04 | gnorm 1.28 | 29,405 tok/s
step 15400 | loss 1.8939 | lr 2.18e-04 | gnorm 1.30 | 29,415 tok/s
  eval step 15500 | train 1.2617 | val 4.6341 | val bpb 2.0113 | induction 0.018 L0H0 copy gain -0.17
step 15500 | loss 1.9269 | lr 2.13e-04 | gnorm 1.28 | 23,045 tok/s
step 15600 | loss 1.8182 | lr 2.08e-04 | gnorm 1.27 | 29,488 tok/s
step 15700 | loss 1.8282 | lr 2.04e-04 | gnorm 1.28 | 29,435 tok/s
step 15800 | loss 1.7607 | lr 1.99e-04 | gnorm 1.25 | 29,425 tok/s
step 15900 | loss 1.7659 | lr 1.95e-04 | gnorm 1.27 | 29,391 tok/s
  eval step 16000 | train 1.2296 | val 4.6541 | val bpb 2.0199 | induction 0.018 L0H0 copy gain -0.22
step 16000 | loss 1.8517 | lr 1.90e-04 | gnorm 1.29 | 22,985 tok/s
step 16100 | loss 1.9030 | lr 1.86e-04 | gnorm 1.32 | 29,510 tok/s
step 16200 | loss 1.8143 | lr 1.82e-04 | gnorm 1.25 | 29,503 tok/s
step 16300 | loss 1.7501 | lr 1.78e-04 | gnorm 1.26 | 29,410 tok/s
step 16400 | loss 1.8563 | lr 1.74e-04 | gnorm 1.27 | 29,403 tok/s
  eval step 16500 | train 1.2053 | val 4.6612 | val bpb 2.0230 | induction 0.018 L0H0 copy gain -0.19
step 16500 | loss 1.7978 | lr 1.70e-04 | gnorm 1.29 | 23,022 tok/s
step 16600 | loss 1.7589 | lr 1.66e-04 | gnorm 1.29 | 29,440 tok/s
step 16700 | loss 1.8512 | lr 1.62e-04 | gnorm 1.33 | 29,450 tok/s
step 16800 | loss 1.7875 | lr 1.58e-04 | gnorm 1.29 | 29,396 tok/s
step 16900 | loss 1.8368 | lr 1.55e-04 | gnorm 1.32 | 29,435 tok/s
  eval step 17000 | train 1.1815 | val 4.6738 | val bpb 2.0285 | induction 0.018 L0H0 copy gain -0.19
step 17000 | loss 1.6778 | lr 1.52e-04 | gnorm 1.28 | 23,013 tok/s
step 17100 | loss 1.7157 | lr 1.48e-04 | gnorm 1.30 | 29,455 tok/s
step 17200 | loss 1.7149 | lr 1.45e-04 | gnorm 1.30 | 29,437 tok/s
step 17300 | loss 1.8137 | lr 1.42e-04 | gnorm 1.32 | 29,402 tok/s
step 17400 | loss 1.7708 | lr 1.39e-04 | gnorm 1.35 | 29,431 tok/s
  eval step 17500 | train 1.1597 | val 4.6883 | val bpb 2.0348 | induction 0.018 L0H0 copy gain -0.25
step 17500 | loss 1.7737 | lr 1.36e-04 | gnorm 1.33 | 22,993 tok/s
step 17600 | loss 1.8727 | lr 1.33e-04 | gnorm 1.35 | 29,434 tok/s
step 17700 | loss 1.8174 | lr 1.31e-04 | gnorm 1.34 | 29,498 tok/s
step 17800 | loss 1.7519 | lr 1.28e-04 | gnorm 1.30 | 29,517 tok/s
step 17900 | loss 1.7910 | lr 1.26e-04 | gnorm 1.34 | 29,480 tok/s
  eval step 18000 | train 1.1445 | val 4.6892 | val bpb 2.0352 | induction 0.018 L0H0 copy gain -0.21
step 18000 | loss 1.7083 | lr 1.23e-04 | gnorm 1.32 | 23,013 tok/s
step 18100 | loss 1.7576 | lr 1.21e-04 | gnorm 1.32 | 29,432 tok/s
step 18200 | loss 1.7250 | lr 1.19e-04 | gnorm 1.32 | 29,442 tok/s
step 18300 | loss 1.8122 | lr 1.17e-04 | gnorm 1.35 | 29,478 tok/s
step 18400 | loss 1.6678 | lr 1.15e-04 | gnorm 1.32 | 29,455 tok/s
  eval step 18500 | train 1.1293 | val 4.6954 | val bpb 2.0379 | induction 0.018 L0H0 copy gain -0.24
step 18500 | loss 1.7102 | lr 1.13e-04 | gnorm 1.33 | 23,049 tok/s
step 18600 | loss 1.7142 | lr 1.11e-04 | gnorm 1.33 | 29,485 tok/s
step 18700 | loss 1.7424 | lr 1.10e-04 | gnorm 1.34 | 29,507 tok/s
step 18800 | loss 1.7561 | lr 1.08e-04 | gnorm 1.35 | 29,483 tok/s
step 18900 | loss 1.7906 | lr 1.07e-04 | gnorm 1.36 | 29,465 tok/s
  eval step 19000 | train 1.1094 | val 4.7098 | val bpb 2.0441 | induction 0.018 L0H0 copy gain -0.28
step 19000 | loss 1.6426 | lr 1.06e-04 | gnorm 1.29 | 23,026 tok/s
step 19100 | loss 1.7376 | lr 1.05e-04 | gnorm 1.36 | 29,453 tok/s
step 19200 | loss 1.8067 | lr 1.04e-04 | gnorm 1.38 | 29,450 tok/s
step 19300 | loss 1.8111 | lr 1.03e-04 | gnorm 1.37 | 29,415 tok/s
step 19400 | loss 1.6782 | lr 1.02e-04 | gnorm 1.37 | 29,554 tok/s
  eval step 19500 | train 1.1021 | val 4.7178 | val bpb 2.0476 | induction 0.018 L0H0 copy gain -0.27
step 19500 | loss 1.7551 | lr 1.01e-04 | gnorm 1.38 | 23,145 tok/s
step 19600 | loss 1.6999 | lr 1.01e-04 | gnorm 1.33 | 29,554 tok/s
step 19700 | loss 1.7399 | lr 1.01e-04 | gnorm 1.37 | 29,532 tok/s
step 19800 | loss 1.7235 | lr 1.00e-04 | gnorm 1.36 | 29,527 tok/s
step 19900 | loss 1.6908 | lr 1.00e-04 | gnorm 1.37 | 29,533 tok/s
  eval step 20000 | train 1.0872 | val 4.7216 | val bpb 2.0492 | induction 0.018 L0H0 copy gain -0.26

best val loss 3.8682 (bpb 1.6789). sample:

And that the which we did think it is an hour
In a full time we did.

SECOND GENTLEMAN.
But since they were all this,
If it were there again by th’ other’s name.

FIRST GENTLEMAN.
Come, sir, be witness.

FIRST GENTLEMAN.
Why, well, my lord.

THIRD GENTLEMAN.
Do you hear it?

THIRD GENTLEMAN.
Ay, madam, if they please, if they were not,
Not to be gone before, or have a cause
For all our noble ones.

CERIMON.
’Tis but a fair one,
To be a parish woman.

CERIMON.
Well, well, sir,
I will be sworn upon a month, and now
Descend the time with haste.

CERIMON.
Well, come you hence?

CERIMON.
And mine, my lord.

CERIMON.
Let us alone,
And to the state we have not seen a son
So well as well as life. To th’ other hence,
And then to part in one consent, and not to know:
All which is false, but none to live in time;
But for our love I did begin to hope
That we shall be as, if our King have known us:
Therefore some comfort are they all be married,
And in this hand of us we are in debt.
We are a happy man; we would depart
To make our cousines, as we shall meet,
Ourself and our most noble father.

 [_Exit a Lord._]

PERICLES.
Who is that?

CERIMON.
His son?

THAISA.
The Lord of Tyre,
I’ll have some part of your great feast.

 [_Exit._]

PERICLES.
Now, good my lord, your mistress is become,
And you, my
== scale-S-7M-shakes-only: done in 97.8 min
